// Jest Snapshot v1, https://goo.gl/fbAQLP

exports[`ListHeader tests renders correctly 1`] = `
<DocumentFragment>
  <div
    class="listHeaderContainer MuiBox-root css-0"
  >
    <div
      class="filterIconContainer MuiBox-root css-0"
    />
    <h1
      class="listHeaderTitle"
    >
      List header test
    </h1>
    <div
      class="addIconContainer MuiBox-root css-0"
    >
      <button
        aria-label="Add test"
        class="MuiButtonBase-root MuiIconButton-root MuiIconButton-sizeMedium addIconButton css-78trlr-MuiButtonBase-root-MuiIconButton-root"
        data-mui-internal-clone-element="true"
        tabindex="0"
        type="button"
      >
        <svg
          aria-hidden="true"
          class="MuiSvgIcon-root MuiSvgIcon-fontSizeMedium css-i4bv87-MuiSvgIcon-root"
          data-testid="AddIcon"
          focusable="false"
          viewBox="0 0 24 24"
        >
          <path
            d="M19 13h-6v6h-2v-6H5v-2h6V5h2v6h6v2z"
          />
        </svg>
        <span
          class="MuiTouchRipple-root css-8je8zh-MuiTouchRipple-root"
        />
      </button>
    </div>
  </div>
</DocumentFragment>
`;
